// Jest Snapshot v1, https://goo.gl/fbAQLP

exports[`BarGraph Can create a test snapshot 1`] = `
<div>
  <div
    class="recharts-responsive-container"
    style="width: 100%; height: 100%; min-width: 300px; min-height: 220px;"
  />
</div>
`;
